python : 
No linha:1 caractere:1
+ python manage.py test notifications -v 2 2>&1 | Tee-Object -FilePath  ...
+ ~~~~~~~~~~~~~~~~~~~~~~~~~~~~~~~~~~~~~~~~~~~~~
    + CategoryInfo          : NotSpecified: (:String) [], RemoteException
    + FullyQualifiedErrorId : NativeCommandError
 
(process:23324): GLib-GIO-WARNING **: 21:55:05.255: Unexpectedly, UWP app 
`Microsoft.OutlookForWindows_1.2026.310.300_x64__8wekyb3d8bbwe' (AUMId 
`Microsoft.OutlookForWindows_8wekyb3d8bbwe!Microsoft.OutlookforWindows') supports 4 extensions but has no verbs

(process:23324): GLib-GIO-WARNING **: 21:55:05.260: Unexpectedly, UWP app 
`Clipchamp.Clipchamp_4.5.10420.0_x64__yxz26nhyzhsrt' (AUMId `Clipchamp.Clipchamp_yxz26nhyzhsrt!App') supports 41 
extensions but has no verbs

(process:23324): GLib-GIO-WARNING **: 21:55:05.318: Unexpectedly, UWP app 
`Microsoft.ScreenSketch_11.2601.12.0_x64__8wekyb3d8bbwe' (AUMId `Microsoft.ScreenSketch_8wekyb3d8bbwe!App') supports 
29 extensions but has no verbs
Creating test database for alias 'default' ('file:memorydb_default?mode=memory&cache=shared')...

Found 107 test(s).
Operations to perform:
  Synchronize unmigrated apps: channels, crispy_bootstrap5, crispy_forms, dal, dal_select2, daphne, dj_rest_auth, django_bootstrap5, django_components, django_extensions, django_htmx, django_select2, humanize, localflavor, messages, phonenumber_field, rest_framework, staticfiles, template_partials, widget_tweaks
  Apply all migrations: admin, ata_reuniao, auth, authtoken, automovel, chat, cliente, contenttypes, controle_de_telefone, core, departamento_pessoal, documentos, ferramentas, gestao_riscos, home, logradouro, ltcat, notifications, pgr_gestao, seguranca_trabalho, sessions, suprimentos, tarefas, treinamentos, tributacao, usuario
Synchronizing apps without migrations:
  Creating tables...
    Running deferred SQL...
Running migrations:
  Applying contenttypes.0001_initial... OK
  Applying contenttypes.0002_remove_content_type_name... OK
  Applying auth.0001_initial... OK
  Applying auth.0002_alter_permission_name_max_length... OK
  Applying auth.0003_alter_user_email_max_length... OK
  Applying auth.0004_alter_user_username_opts... OK
  Applying auth.0005_alter_user_last_login_null... OK
  Applying auth.0006_require_contenttypes_0002... OK
  Applying auth.0007_alter_validators_add_error_messages... OK
  Applying auth.0008_alter_user_username_max_length... OK
  Applying auth.0009_alter_user_last_name_max_length... OK
  Applying auth.0010_alter_group_name_max_length... OK
  Applying auth.0011_update_proxy_permissions... OK
  Applying auth.0012_alter_user_first_name_max_length... OK
  Applying usuario.0001_initial... OK
  Applying admin.0001_initial... OK
  Applying admin.0002_logentry_remove_auto_add... OK
  Applying admin.0003_logentry_add_action_flag_choices... OK
  Applying departamento_pessoal.0001_initial... OK
  Applying cliente.0001_initial... OK
  Applying ata_reuniao.0001_initial... OK
  Applying ata_reuniao.0002_initial... OK
  Applying ata_reuniao.0003_initial... OK
  Applying ata_reuniao.0004_initial... OK
  Applying ata_reuniao.0005_alter_atareuniao_options... OK
  Applying authtoken.0001_initial... OK
  Applying authtoken.0002_auto_20160226_1747... OK
  Applying authtoken.0003_tokenproxy... OK
  Applying authtoken.0004_alter_tokenproxy_options... OK
  Applying usuario.0002_alter_filial_options... OK
  Applying automovel.0001_initial... OK
  Applying automovel.0002_initial... OK
  Applying automovel.0003_remove_checklist_anexo_ocorrencia... OK
  Applying automovel.0004_rename_agendamento_carro_agendamento_and_more... OK
  Applying automovel.0005_alter_carro_agendamento_table_and_more... OK
  Applying automovel.0006_alter_carro_agendamento_status_carro_rastreamento... OK
  Applying automovel.0007_carro_manutencao... OK
  Applying automovel.0008_alter_carro_foto_and_more... OK
  Applying automovel.0009_alter_carro_options... OK
  Applying tarefas.0001_initial... OK
  Applying tarefas.0002_initial... OK
  Applying tarefas.0003_tarefas_participantes... OK
  Applying tarefas.0004_alter_comentario_anexo_alter_comentario_filial_and_more... OK
  Applying tarefas.0005_historicotarefa_delete_historicostatus_and_more... OK
  Applying tarefas.0006_alter_tarefas_status... OK
  Applying tarefas.0007_alter_tarefas_options... OK
  Applying tarefas.0008_alter_comentario_anexo_and_more... OK
  Applying chat.0001_initial... OK
  Applying chat.0002_alter_chatroom_tarefa_alter_message_file_attachment_and_more... OK
  Applying logradouro.0001_initial... OK
  Applying logradouro.0002_initial... OK
  Applying cliente.0002_initial... OK
  Applying cliente.0003_alter_cliente_filial... OK
  Applying cliente.0004_alter_cliente_filial_alter_cliente_logradouro_and_more... OK
  Applying cliente.0005_alter_cliente_options... OK
  Applying suprimentos.0001_initial... OK
  Applying seguranca_trabalho.0001_initial... OK
  Applying departamento_pessoal.0002_initial... OK
  Applying seguranca_trabalho.0002_initial... OK
  Applying departamento_pessoal.0003_alter_documento_funcionario_alter_funcionario_funcao... OK
  Applying controle_de_telefone.0001_initial... OK
  Applying controle_de_telefone.0002_initial... OK
  Applying controle_de_telefone.0003_recargacredito... OK
  Applying controle_de_telefone.0004_alter_aparelho_options_alter_linhatelefonica_options_and_more... OK
  Applying controle_de_telefone.0005_add_filial_cadastros_auxiliares... OK
  Applying core.0001_initial... OK
  Applying departamento_pessoal.0004_departamento_registro... OK
  Applying departamento_pessoal.0005_reestruturar_documento_completo... OK
  Applying departamento_pessoal.0006_alter_documento_anexo_alter_funcionario_foto_3x4... OK
  Applying departamento_pessoal.0007_alter_funcionario_options... OK
  Applying documentos.0001_initial... OK
  Applying documentos.0002_alter_documento_options_documento_data_atualizacao_and_more... OK
  Applying documentos.0003_alter_documento_arquivo... OK
  Applying documentos.0004_documento_cliente_documento_descricao_and_more... OK
  Applying documentos.0005_migrate_arquivos_to_documentos... OK
  Applying documentos.0006_alter_documento_arquivo... OK
  Applying documentos.0007_alter_documento_arquivo... OK
  Applying suprimentos.0002_contrato_alter_parceiro_managers_pedido_material_and_more... OK
  Applying ferramentas.0001_initial... OK
  Applying ferramentas.0002_initial... OK
  Applying ferramentas.0003_alter_termoderesponsabilidade_options_and_more... OK
  Applying gestao_riscos.0001_initial... OK
  Applying gestao_riscos.0002_initial... OK
  Applying gestao_riscos.0003_remove_inspecao_inspetor_inspecao_entrega_epi_and_more... OK
  Applying gestao_riscos.0004_tiporisco... OK
  Applying gestao_riscos.0005_add_tipo_ocorrencia... OK
  Applying gestao_riscos.0006_alter_incidente_options_and_more... OK
  Applying gestao_riscos.0007_incidente_classificacao... OK
  Applying gestao_riscos.0008_alter_incidente_classificacao... OK
  Applying home.0001_initial... OK
  Applying logradouro.0003_remove_logradouro_unique_endereco_completo_and_more... OK
  Applying logradouro.0004_alter_logradouro_tipo_logradouro... OK
  Applying seguranca_trabalho.0003_alter_cargofuncao_unique_together_cargofuncao_filial_and_more... OK
  Applying seguranca_trabalho.0004_entregaepi_assinatura_funcionario_and_more... OK
  Applying seguranca_trabalho.0005_remove_entregaepi_assinatura_funcionario_and_more... OK
  Applying seguranca_trabalho.0006_alterar_entrega_associada_para_fk... OK
  Applying seguranca_trabalho.0007_adicionar_estoque_atual_equipamento... OK
  Applying seguranca_trabalho.0008_funcao_registro... OK
  Applying ltcat.0001_initial... OK
  Applying ltcat.0002_alter_localprestacaoservicoltcat_options_and_more... OK
  Applying ltcat.0003_add_assinatura_profissional... OK
  Applying ltcat.0004_anexoltcat_mime_type_alter_anexoltcat_arquivo_and_more... OK
  Applying notifications.0001_initial... OK
  Applying notifications.0002_initial... OK
  Applying notifications.0003_alter_notificacao_options_notificacao_categoria_and_more... OK
  Applying notifications.0004_alter_notificacao_categoria_alter_notificacao_tipo_and_more... OK
  Applying notifications.0005_notificacao_criada_em_notificacao_enviada_email_and_more... OK
  Applying treinamentos.0001_initial... OK
  Applying treinamentos.0002_initial... OK
  Applying treinamentos.0003_alter_treinamento_options... OK
  Applying treinamentos.0004_alter_tipocurso_validade_meses... OK
  Applying treinamentos.0005_gabaritocertificado_remove_tipocurso_descricao_and_more... OK
  Applying treinamentos.0006_popular_protocolos_existentes... OK
  Applying pgr_gestao.0001_initial... OK
  Applying pgr_gestao.0002_pgrdocumento_escopo_and_more... OK
  Applying pgr_gestao.0003_pgrsecaotextopadrao_alter_ambientetrabalho_empresa_and_more... OK
  Applying pgr_gestao.0004_alter_gesgrupoexposicao_ambiente_trabalho_and_more... OK
  Applying pgr_gestao.0005_alter_riscoidentificado_tipo_risco... OK
  Applying pgr_gestao.0006_anexoplanoacao... OK
  Applying pgr_gestao.0007_alter_avaliacaoquantitativa_unidade_medida... OK
  Applying pgr_gestao.0008_pgrrevisao_ativo_pgrrevisao_criado_por_and_more... OK
  Applying pgr_gestao.0009_alter_acompanhamentoplanoacao_descricao_and_more... OK
  Applying pgr_gestao.0010_anexopgr... OK
  Applying pgr_gestao.0011_anexopgr_mime_type_and_more... OK
  Applying sessions.0001_initial... OK
  Applying tributacao.0001_initial... OK
  Applying suprimentos.0003_material_equipamento_epi_material_ferramenta_ref_and_more... OK
  Applying suprimentos.0004_pedido_estoque_processado_and_more... OK
  Applying suprimentos.0005_itempedido_custo_real_itempedido_total_creditos_and_more... OK
  Applying suprimentos.0006_pedido_data_necessaria_pedido_descricao_material_and_more... OK
  Applying suprimentos.0007_material_filial... OK
  Applying suprimentos.0008_alter_anexopedido_arquivo_and_more... OK
  Applying suprimentos.0009_alter_anexopedido_arquivo_and_more... OK
  Applying tarefas.0009_alter_tarefas_options... OK
  Applying treinamentos.0007_avaliacaoead_cursoead_matriculaead_planoestudo_and_more... OK
  Applying treinamentos.0008_alter_assinatura_treinamento_responsavel_and_more... OK
test_aceita_get_sem_header_ajax (notifications.tests.APIContagemViewTest.test_aceita_get_sem_header_ajax)
Endpoint funciona sem header X-Requested-With. ... ok
test_anonimo_redirecionado (notifications.tests.APIContagemViewTest.test_anonimo_redirecionado)
An├┤nimo ├® redirecionado para login. ... ok
test_contagem_apos_marcar_uma (notifications.tests.APIContagemViewTest.test_contagem_apos_marcar_uma)
Contagem cai para 2 ap├│s marcar uma. ... ok
test_contagem_valor_correto (notifications.tests.APIContagemViewTest.test_contagem_valor_correto)
Contagem retorna 3 (n├úo lidas do setUp). ... ok
test_contagem_zero (notifications.tests.APIContagemViewTest.test_contagem_zero)
Retorna 0 quando todas est├úo lidas. ... ok
test_incrementa_com_nova (notifications.tests.APIContagemViewTest.test_incrementa_com_nova)
Criar nova notifica├º├úo incrementa a contagem. ... ok
test_nao_inclui_outro_usuario (notifications.tests.APIContagemViewTest.test_nao_inclui_outro_usuario)
Contagem n├úo inclui notifica├º├Áes de outros. ... ok
test_retorna_json_200 (notifications.tests.APIContagemViewTest.test_retorna_json_200)
Endpoint retorna JSON com status 200. ... ok
test_notificacao_alheia_ausente (notifications.tests.HeaderNotificacaoIntegrationTest.test_notificacao_alheia_ausente)
Notifica├º├úo de outro usu├írio n├úo aparece. ... ok
test_sino_presente_no_header (notifications.tests.HeaderNotificacaoIntegrationTest.test_sino_presente_no_header)
├\x8dcone do sino est├í presente no HTML. ... ok
test_titulos_no_html (notifications.tests.HeaderNotificacaoIntegrationTest.test_titulos_no_html)
T├¡tulos das notifica├º├Áes aparecem no HTML. ... ok
test_ajax_retorna_json (notifications.tests.MarcarComoLidaViewTest.test_ajax_retorna_json)
Requisi├º├úo AJAX retorna JsonResponse com status e id. ... ok
test_contagem_diminui_apos_marcar (notifications.tests.MarcarComoLidaViewTest.test_contagem_diminui_apos_marcar)
Contagem cai de 3 para 2 ap├│s marcar uma. ... FAIL
test_get_marca_como_lida_e_redireciona_para_url_destino 
(notifications.tests.MarcarComoLidaViewTest.test_get_marca_como_lida_e_redireciona_para_url_destino)
GET marca como lida e redireciona para url_destino. ... FAIL
test_get_sem_url_destino_redireciona_referer 
(notifications.tests.MarcarComoLidaViewTest.test_get_sem_url_destino_redireciona_referer)
GET sem url_destino redireciona para HTTP_REFERER. ... ok
test_get_sem_url_destino_sem_referer_redireciona_raiz 
(notifications.tests.MarcarComoLidaViewTest.test_get_sem_url_destino_sem_referer_redireciona_raiz)
GET sem url_destino e sem referer redireciona para /. ... FAIL
test_ja_lida_nao_quebra (notifications.tests.MarcarComoLidaViewTest.test_ja_lida_nao_quebra)
Marcar notifica├º├úo j├í lida novamente n├úo causa erro. ... FAIL
test_notificacao_alheia_404 (notifications.tests.MarcarComoLidaViewTest.test_notificacao_alheia_404)
Acessar notifica├º├úo de outro usu├írio retorna 404. ... FAIL
test_notificacao_inexistente_404 (notifications.tests.MarcarComoLidaViewTest.test_notificacao_inexistente_404)
PK inexistente retorna 404. ... FAIL
test_post_marca_como_lida (notifications.tests.MarcarComoLidaViewTest.test_post_marca_como_lida)
POST marca a notifica├º├úo como lida. ... ok
test_usuario_anonimo_redirecionado_login 
(notifications.tests.MarcarComoLidaViewTest.test_usuario_anonimo_redirecionado_login)
An├┤nimo ├® redirecionado para login. ... ok
test_ajax_retorna_json_com_count (notifications.tests.MarcarTodasComoLidasViewTest.test_ajax_retorna_json_com_count)
AJAX retorna JSON com status e quantidade atualizada. ... ok
test_ajax_sem_pendentes_retorna_zero 
(notifications.tests.MarcarTodasComoLidasViewTest.test_ajax_sem_pendentes_retorna_zero)
AJAX sem pendentes retorna count=0. ... ok
test_data_leitura_preenchida_via_update 
(notifications.tests.MarcarTodasComoLidasViewTest.test_data_leitura_preenchida_via_update)
Bulk update preenche data_leitura nas 3 n├úo lidas. ... ok
test_get_retorna_405 (notifications.tests.MarcarTodasComoLidasViewTest.test_get_retorna_405)
GET retorna 405 Method Not Allowed (@require_POST). ... FAIL
test_nao_afeta_outro_usuario (notifications.tests.MarcarTodasComoLidasViewTest.test_nao_afeta_outro_usuario)
Marcar todas N├âO afeta notifica├º├Áes de outros. ... ok
test_post_marca_todas (notifications.tests.MarcarTodasComoLidasViewTest.test_post_marca_todas)
POST marca todas as n├úo lidas como lidas. ... ok
test_redireciona_para_referer (notifications.tests.MarcarTodasComoLidasViewTest.test_redireciona_para_referer)
Ap├│s POST (n├úo-AJAX), redireciona para HTTP_REFERER. ... ok
test_sem_pendentes_nao_quebra (notifications.tests.MarcarTodasComoLidasViewTest.test_sem_pendentes_nao_quebra)
Chamar sem pendentes n├úo causa erro. ... ok
test_sem_referer_redireciona_raiz (notifications.tests.MarcarTodasComoLidasViewTest.test_sem_referer_redireciona_raiz)
Sem HTTP_REFERER, redireciona para /. ... ok
test_usuario_anonimo_redirecionado_login 
(notifications.tests.MarcarTodasComoLidasViewTest.test_usuario_anonimo_redirecionado_login)
An├┤nimo ├® redirecionado para login. ... ok
test_fluxo_ajax_marcar_todas (notifications.tests.NotificacaoFluxoCompletoTest.test_fluxo_ajax_marcar_todas)
AJAX: marca todas ÔåÆ JSON com count ÔåÆ contagem zera. ... ok
test_fluxo_ajax_marcar_uma (notifications.tests.NotificacaoFluxoCompletoTest.test_fluxo_ajax_marcar_uma)
AJAX: marca uma ÔåÆ JSON ok ÔåÆ contagem atualiza. ... ok
test_fluxo_completo_sino (notifications.tests.NotificacaoFluxoCompletoTest.test_fluxo_completo_sino)
1. Badge mostra 3 ... ok
test_multiplos_usuarios_simultaneos 
(notifications.tests.NotificacaoFluxoCompletoTest.test_multiplos_usuarios_simultaneos)
Dois usu├írios simult├óneos: isolamento completo. ... ok
test_nova_notificacao_incrementa_contagem 
(notifications.tests.NotificacaoFluxoCompletoTest.test_nova_notificacao_incrementa_contagem)
Criar nova notifica├º├úo incrementa contagem na API. ... ok
test_volume_100_notificacoes (notifications.tests.NotificacaoFluxoCompletoTest.test_volume_100_notificacoes)
100+ notifica├º├Áes: contagem, p├ígina e marcar todas funcionam. ... ok
test_acessivel_200 (notifications.tests.NotificacaoListViewTest.test_acessivel_200)
P├ígina retorna 200. ... ok
test_anonimo_redirecionado_login (notifications.tests.NotificacaoListViewTest.test_anonimo_redirecionado_login)
An├┤nimo ├® redirecionado para login. ... ok
test_context_contem_variaveis_esperadas 
(notifications.tests.NotificacaoListViewTest.test_context_contem_variaveis_esperadas)
Context cont├®m as vari├íveis corretas. ... ERROR
test_filtro_categoria_e_status_combinados 
(notifications.tests.NotificacaoListViewTest.test_filtro_categoria_e_status_combinados)
Filtros de categoria e status funcionam juntos. ... ERROR
test_filtro_lidas (notifications.tests.NotificacaoListViewTest.test_filtro_lidas)
Filtro 'lidas' mostra apenas lidas. ... ERROR
test_filtro_nao_lidas (notifications.tests.NotificacaoListViewTest.test_filtro_nao_lidas)
Filtro 'nao_lidas' mostra apenas n├úo lidas. ... ERROR
test_filtro_padrao_todas (notifications.tests.NotificacaoListViewTest.test_filtro_padrao_todas)
Filtro padr├úo ├® 'todas' ÔÇö mostra lidas e n├úo lidas. ... ERROR
test_filtro_por_categoria (notifications.tests.NotificacaoListViewTest.test_filtro_por_categoria)
Filtro por categoria funciona. ... ERROR
test_nao_lidas_count_no_context (notifications.tests.NotificacaoListViewTest.test_nao_lidas_count_no_context)
nao_lidas_count ├® sempre a contagem total de n├úo lidas. ... ERROR
test_nao_mostra_alheias (notifications.tests.NotificacaoListViewTest.test_nao_mostra_alheias)
N├âO mostra notifica├º├Áes de outros usu├írios. ... ok
test_ordering_mais_recente_primeiro (notifications.tests.NotificacaoListViewTest.test_ordering_mais_recente_primeiro)
Lista ordenada por -data_criacao. ... ERROR
test_paginacao_30_por_pagina (notifications.tests.NotificacaoListViewTest.test_paginacao_30_por_pagina)
Pagina├º├úo de 30 itens por p├ígina. ... ERROR
test_paginacao_pagina_2 (notifications.tests.NotificacaoListViewTest.test_paginacao_pagina_2)
Acessar p├ígina 2 funciona. ... ERROR
test_titulo_pagina (notifications.tests.NotificacaoListViewTest.test_titulo_pagina)
titulo_pagina ├® 'Notifica├º├Áes'. ... ERROR
test_badge_class_alta (notifications.tests.NotificacaoModelTest.test_badge_class_alta) ... ok
test_badge_class_baixa (notifications.tests.NotificacaoModelTest.test_badge_class_baixa) ... ok
test_badge_class_critica (notifications.tests.NotificacaoModelTest.test_badge_class_critica) ... ok
test_badge_class_desconhecida_fallback 
(notifications.tests.NotificacaoModelTest.test_badge_class_desconhecida_fallback)
Prioridade desconhecida retorna fallback 'bg-secondary'. ... ok
test_badge_class_media (notifications.tests.NotificacaoModelTest.test_badge_class_media) ... ok
test_cascade_delete_usuario (notifications.tests.NotificacaoModelTest.test_cascade_delete_usuario)
Deletar o usu├írio remove todas as suas notifica├º├Áes. ... ERROR
test_criacao_com_campos_minimos (notifications.tests.NotificacaoModelTest.test_criacao_com_campos_minimos)
Notifica├º├úo ├® criada corretamente com campos m├¡nimos. ... ok
test_criada_em_auto (notifications.tests.NotificacaoModelTest.test_criada_em_auto)
criada_em ├® preenchida automaticamente. ... ok
test_data_criacao_auto (notifications.tests.NotificacaoModelTest.test_data_criacao_auto)
data_criacao ├® preenchida automaticamente. ... ok
test_default_categoria_sistema (notifications.tests.NotificacaoModelTest.test_default_categoria_sistema)
Categoria padr├úo ├® 'sistema'. ... ok
test_default_data_leitura_none (notifications.tests.NotificacaoModelTest.test_default_data_leitura_none)
data_leitura ├® None quando n├úo lida. ... ok
test_default_enviada_email_false (notifications.tests.NotificacaoModelTest.test_default_enviada_email_false)
enviada_email nasce como False. ... ok
test_default_icone_bell (notifications.tests.NotificacaoModelTest.test_default_icone_bell)
├\x8dcone padr├úo ├® 'bi-bell'. ... ok
test_default_lida_false (notifications.tests.NotificacaoModelTest.test_default_lida_false)
Notifica├º├úo nasce como n├úo lida. ... ok
test_default_prioridade_media (notifications.tests.NotificacaoModelTest.test_default_prioridade_media)
Prioridade padr├úo ├® 'media'. ... ok
test_default_tipo_sistema (notifications.tests.NotificacaoModelTest.test_default_tipo_sistema)
Tipo padr├úo ├® 'sistema'. ... ok
test_isolamento_querysets (notifications.tests.NotificacaoModelTest.test_isolamento_querysets)
Querysets filtrados n├úo se misturam entre usu├írios. ... ok
test_marcar_como_lida_idempotente (notifications.tests.NotificacaoModelTest.test_marcar_como_lida_idempotente)
Chamar em notifica├º├úo j├í lida n├úo altera data_leitura. ... ok
test_marcar_como_lida_seta_true_e_data 
(notifications.tests.NotificacaoModelTest.test_marcar_como_lida_seta_true_e_data)
marcar_como_lida() seta lida=True e preenche data_leitura. ... ok
test_marcar_como_lida_usa_update_fields 
(notifications.tests.NotificacaoModelTest.test_marcar_como_lida_usa_update_fields)
marcar_como_lida() salva APENAS lida e data_leitura. ... ok
test_mensagem_blank_default (notifications.tests.NotificacaoModelTest.test_mensagem_blank_default) ... ok
test_meta_ordering (notifications.tests.NotificacaoModelTest.test_meta_ordering) ... ok
test_meta_verbose_name (notifications.tests.NotificacaoModelTest.test_meta_verbose_name) ... FAIL
test_ordering_mais_recente_primeiro (notifications.tests.NotificacaoModelTest.test_ordering_mais_recente_primeiro)
Ordering padr├úo: mais recente primeiro (-data_criacao). ... ok
test_related_name (notifications.tests.NotificacaoModelTest.test_related_name)
related_name 'notificacoes' funciona no User. ... ok
test_str_lida_contem_check (notifications.tests.NotificacaoModelTest.test_str_lida_contem_check)
__str__ de lida cont├®m Ô£ö e o t├¡tulo. ... FAIL
test_str_nao_lida_contem_circulo (notifications.tests.NotificacaoModelTest.test_str_nao_lida_contem_circulo)
__str__ de n├úo lida cont├®m Ôùë, t├¡tulo e username. ... FAIL
test_tempo_relativo_agora (notifications.tests.NotificacaoModelTest.test_tempo_relativo_agora)
Rec├®m-criada retorna 'agora'. ... ok
test_tempo_relativo_dias (notifications.tests.NotificacaoModelTest.test_tempo_relativo_dias)
7 dias atr├ís retorna 'h├í 7d'. ... FAIL
test_tempo_relativo_horas (notifications.tests.NotificacaoModelTest.test_tempo_relativo_horas)
3h atr├ís retorna 'h├í 3h'. ... FAIL
test_tempo_relativo_limite_23h (notifications.tests.NotificacaoModelTest.test_tempo_relativo_limite_23h)
23h atr├ís retorna 'h├í 23h'. ... FAIL
test_tempo_relativo_limite_24h (notifications.tests.NotificacaoModelTest.test_tempo_relativo_limite_24h)
24h (1 dia) retorna 'h├í 1d'. ... FAIL
test_tempo_relativo_limite_59_segundos 
(notifications.tests.NotificacaoModelTest.test_tempo_relativo_limite_59_segundos)
59 segundos atr├ís ainda retorna 'agora'. ... ok
test_tempo_relativo_limite_60_segundos 
(notifications.tests.NotificacaoModelTest.test_tempo_relativo_limite_60_segundos)
60 segundos = 'h├í 1 min'. ... FAIL
test_tempo_relativo_minutos (notifications.tests.NotificacaoModelTest.test_tempo_relativo_minutos)
5 min atr├ís retorna 'h├í 5 min'. ... FAIL
test_todas_categorias_aceitas (notifications.tests.NotificacaoModelTest.test_todas_categorias_aceitas) ... ok
test_todas_prioridades_aceitas (notifications.tests.NotificacaoModelTest.test_todas_prioridades_aceitas) ... ok
test_todos_tipos_aceitos (notifications.tests.NotificacaoModelTest.test_todos_tipos_aceitos) ... ok
test_url_destino_nullable (notifications.tests.NotificacaoModelTest.test_url_destino_nullable) ... ok
test_url_destino_preenchido (notifications.tests.NotificacaoModelTest.test_url_destino_preenchido) ... ok
test_csrf_obrigatorio_marcar_todas (notifications.tests.NotificacaoSegurancaTest.test_csrf_obrigatorio_marcar_todas)
POST sem CSRF em marcar_todas ├® rejeitado (403). ... ok
test_delete_marcar_todas_405 (notifications.tests.NotificacaoSegurancaTest.test_delete_marcar_todas_405)
DELETE em marcar_todas retorna 405. ... ok
test_get_object_404_filtra_por_usuario 
(notifications.tests.NotificacaoSegurancaTest.test_get_object_404_filtra_por_usuario)
get_object_or_404 filtra por usuario=request.user. ... FAIL
test_lista_filtra_apenas_do_usuario (notifications.tests.NotificacaoSegurancaTest.test_lista_filtra_apenas_do_usuario)
notificacao_list filtra pelo usuario logado. ... ERROR
test_nao_pode_marcar_alheia (notifications.tests.NotificacaoSegurancaTest.test_nao_pode_marcar_alheia)
Manipular PK n├úo permite acessar notifica├º├úo alheia. ... FAIL
test_pk_inexistente_404 (notifications.tests.NotificacaoSegurancaTest.test_pk_inexistente_404)
PK inexistente retorna 404. ... FAIL
test_put_marcar_todas_405 (notifications.tests.NotificacaoSegurancaTest.test_put_marcar_todas_405)
PUT em marcar_todas retorna 405. ... ok
test_staff_nao_ve_alheias (notifications.tests.NotificacaoSegurancaTest.test_staff_nao_ve_alheias)
Staff v├¬ apenas suas pr├│prias (count=0). ... ok
test_isolamento_entre_usuarios (notifications.tests.NotificationProcessorTest.test_isolamento_entre_usuarios)
Cada usu├írio s├│ v├¬ suas pr├│prias. ... ok
test_lista_contem_apenas_nao_lidas (notifications.tests.NotificationProcessorTest.test_lista_contem_apenas_nao_lidas)
notification_list s├│ tem n├úo lidas. ... ok
test_lista_limitada_max_dropdown (notifications.tests.NotificationProcessorTest.test_lista_limitada_max_dropdown)
notification_list limitada a MAX_DROPDOWN (8) itens. ... ok
test_ordering_mais_recente_primeiro (notifications.tests.NotificationProcessorTest.test_ordering_mais_recente_primeiro)
Lista ordenada da mais recente para mais antiga. ... ok
test_retorna_notification_count (notifications.tests.NotificationProcessorTest.test_retorna_notification_count)
Retorna notification_count correto. ... ok
test_retorna_notification_list (notifications.tests.NotificationProcessorTest.test_retorna_notification_list)
Retorna notification_list n├úo vazia. ... ok
test_usuario_anonimo_retorna_vazio (notifications.tests.NotificationProcessorTest.test_usuario_anonimo_retorna_vazio)
An├┤nimo recebe dict vazio. ... ok
test_usuario_sem_notificacoes (notifications.tests.NotificationProcessorTest.test_usuario_sem_notificacoes)
Usu├írio sem notifica├º├Áes recebe count=0 e lista vazia. ... ok

======================================================================
ERROR: test_context_contem_variaveis_esperadas 
(notifications.tests.NotificacaoListViewTest.test_context_contem_variaveis_esperadas)
Context cont├®m as vari├íveis corretas.
----------------------------------------------------------------------
Traceback (most recent call last):
  File "C:\Users\esgce\Documents\GitHub\ControleTarefas\notifications\tests.py", line 848, in 
test_context_contem_variaveis_esperadas
    self.assertIn('notificacoes', response.context)
  File "C:\Users\esgce\AppData\Local\Programs\Python\Python312\Lib\unittest\case.py", line 1149, in assertIn
    if member not in container:
       ^^^^^^^^^^^^^^^^^^^^^^^
TypeError: argument of type 'NoneType' is not iterable

======================================================================
ERROR: test_filtro_categoria_e_status_combinados 
(notifications.tests.NotificacaoListViewTest.test_filtro_categoria_e_status_combinados)
Filtros de categoria e status funcionam juntos.
----------------------------------------------------------------------
Traceback (most recent call last):
  File "C:\Users\esgce\Documents\GitHub\ControleTarefas\notifications\tests.py", line 899, in 
test_filtro_categoria_e_status_combinados
    for notif in response.context['notificacoes']:
                 ~~~~~~~~~~~~~~~~^^^^^^^^^^^^^^^^
TypeError: 'NoneType' object is not subscriptable

======================================================================
ERROR: test_filtro_lidas (notifications.tests.NotificacaoListViewTest.test_filtro_lidas)
Filtro 'lidas' mostra apenas lidas.
----------------------------------------------------------------------
Traceback (most recent call last):
  File "C:\Users\esgce\Documents\GitHub\ControleTarefas\notifications\tests.py", line 878, in test_filtro_lidas
    self.assertEqual(response.context['filtro'], 'lidas')
                     ~~~~~~~~~~~~~~~~^^^^^^^^^^
TypeError: 'NoneType' object is not subscriptable

======================================================================
ERROR: test_filtro_nao_lidas (notifications.tests.NotificacaoListViewTest.test_filtro_nao_lidas)
Filtro 'nao_lidas' mostra apenas n├úo lidas.
----------------------------------------------------------------------
Traceback (most recent call last):
  File "C:\Users\esgce\Documents\GitHub\ControleTarefas\notifications\tests.py", line 869, in test_filtro_nao_lidas
    self.assertEqual(response.context['filtro'], 'nao_lidas')
                     ~~~~~~~~~~~~~~~~^^^^^^^^^^
TypeError: 'NoneType' object is not subscriptable

======================================================================
ERROR: test_filtro_padrao_todas (notifications.tests.NotificacaoListViewTest.test_filtro_padrao_todas)
Filtro padr├úo ├® 'todas' ÔÇö mostra lidas e n├úo lidas.
----------------------------------------------------------------------
Traceback (most recent call last):
  File "C:\Users\esgce\Documents\GitHub\ControleTarefas\notifications\tests.py", line 859, in test_filtro_padrao_todas
    self.assertEqual(response.context['filtro'], 'todas')
                     ~~~~~~~~~~~~~~~~^^^^^^^^^^
TypeError: 'NoneType' object is not subscriptable

======================================================================
ERROR: test_filtro_por_categoria (notifications.tests.NotificacaoListViewTest.test_filtro_por_categoria)
Filtro por categoria funciona.
----------------------------------------------------------------------
Traceback (most recent call last):
  File "C:\Users\esgce\Documents\GitHub\ControleTarefas\notifications\tests.py", line 891, in test_filtro_por_categoria
    for notif in response.context['notificacoes']:
                 ~~~~~~~~~~~~~~~~^^^^^^^^^^^^^^^^
TypeError: 'NoneType' object is not subscriptable

======================================================================
ERROR: test_nao_lidas_count_no_context (notifications.tests.NotificacaoListViewTest.test_nao_lidas_count_no_context)
nao_lidas_count ├® sempre a contagem total de n├úo lidas.
----------------------------------------------------------------------
Traceback (most recent call last):
  File "C:\Users\esgce\Documents\GitHub\ControleTarefas\notifications\tests.py", line 907, in 
test_nao_lidas_count_no_context
    self.assertEqual(response.context['nao_lidas_count'], 3)
                     ~~~~~~~~~~~~~~~~^^^^^^^^^^^^^^^^^^^
TypeError: 'NoneType' object is not subscriptable

======================================================================
ERROR: test_ordering_mais_recente_primeiro 
(notifications.tests.NotificacaoListViewTest.test_ordering_mais_recente_primeiro)
Lista ordenada por -data_criacao.
----------------------------------------------------------------------
Traceback (most recent call last):
  File "C:\Users\esgce\Documents\GitHub\ControleTarefas\notifications\tests.py", line 944, in 
test_ordering_mais_recente_primeiro
    notifs = list(response.context['notificacoes'])
                  ~~~~~~~~~~~~~~~~^^^^^^^^^^^^^^^^
TypeError: 'NoneType' object is not subscriptable

======================================================================
ERROR: test_paginacao_30_por_pagina (notifications.tests.NotificacaoListViewTest.test_paginacao_30_por_pagina)
Pagina├º├úo de 30 itens por p├ígina.
----------------------------------------------------------------------
Traceback (most recent call last):
  File "C:\Users\esgce\Documents\GitHub\ControleTarefas\notifications\tests.py", line 925, in 
test_paginacao_30_por_pagina
    paginator = response.context['notificacoes']
                ~~~~~~~~~~~~~~~~^^^^^^^^^^^^^^^^
TypeError: 'NoneType' object is not subscriptable

======================================================================
ERROR: test_paginacao_pagina_2 (notifications.tests.NotificacaoListViewTest.test_paginacao_pagina_2)
Acessar p├ígina 2 funciona.
----------------------------------------------------------------------
Traceback (most recent call last):
  File "C:\Users\esgce\Documents\GitHub\ControleTarefas\notifications\tests.py", line 938, in test_paginacao_pagina_2
    self.assertTrue(len(response.context['notificacoes']) > 0)
                        ~~~~~~~~~~~~~~~~^^^^^^^^^^^^^^^^
TypeError: 'NoneType' object is not subscriptable

======================================================================
ERROR: test_titulo_pagina (notifications.tests.NotificacaoListViewTest.test_titulo_pagina)
titulo_pagina ├® 'Notifica├º├Áes'.
----------------------------------------------------------------------
Traceback (most recent call last):
  File "C:\Users\esgce\Documents\GitHub\ControleTarefas\notifications\tests.py", line 962, in test_titulo_pagina
    self.assertEqual(response.context['titulo_pagina'], 'Notifica├º├Áes')
                     ~~~~~~~~~~~~~~~~^^^^^^^^^^^^^^^^^
TypeError: 'NoneType' object is not subscriptable

======================================================================
ERROR: test_cascade_delete_usuario (notifications.tests.NotificacaoModelTest.test_cascade_delete_usuario)
Deletar o usu├írio remove todas as suas notifica├º├Áes.
----------------------------------------------------------------------
Traceback (most recent call last):
  File "C:\Users\esgce\Documents\GitHub\ControleTarefas\notifications\tests.py", line 441, in 
test_cascade_delete_usuario
    Notificacao.objects.filter(usuario=user_temp).count(), 0,
    ^^^^^^^^^^^^^^^^^^^^^^^^^^^^^^^^^^^^^^^^^^^^^
  File "C:\Users\esgce\Documents\GitHub\ControleTarefas\venv\Lib\site-packages\django\db\models\manager.py", line 87, 
in manager_method
    return getattr(self.get_queryset(), name)(*args, **kwargs)
           ^^^^^^^^^^^^^^^^^^^^^^^^^^^^^^^^^^^^^^^^^^^^^^^^^^^
  File "C:\Users\esgce\Documents\GitHub\ControleTarefas\venv\Lib\site-packages\django\db\models\query.py", line 1495, 
in filter
    return self._filter_or_exclude(False, args, kwargs)
           ^^^^^^^^^^^^^^^^^^^^^^^^^^^^^^^^^^^^^^^^^^^^
  File "C:\Users\esgce\Documents\GitHub\ControleTarefas\venv\Lib\site-packages\django\db\models\query.py", line 1513, 
in _filter_or_exclude
    clone._filter_or_exclude_inplace(negate, args, kwargs)
  File "C:\Users\esgce\Documents\GitHub\ControleTarefas\venv\Lib\site-packages\django\db\models\query.py", line 1523, 
in _filter_or_exclude_inplace
    self._query.add_q(Q(*args, **kwargs))
  File "C:\Users\esgce\Documents\GitHub\ControleTarefas\venv\Lib\site-packages\django\db\models\sql\query.py", line 
1648, in add_q
    clause, _ = self._add_q(q_object, can_reuse)
                ^^^^^^^^^^^^^^^^^^^^^^^^^^^^^^^^
  File "C:\Users\esgce\Documents\GitHub\ControleTarefas\venv\Lib\site-packages\django\db\models\sql\query.py", line 
1680, in _add_q
    child_clause, needed_inner = self.build_filter(
                                 ^^^^^^^^^^^^^^^^^^
  File "C:\Users\esgce\Documents\GitHub\ControleTarefas\venv\Lib\site-packages\django\db\models\sql\query.py", line 
1590, in build_filter
    condition = self.build_lookup(lookups, col, value)
                ^^^^^^^^^^^^^^^^^^^^^^^^^^^^^^^^^^^^^^
  File "C:\Users\esgce\Documents\GitHub\ControleTarefas\venv\Lib\site-packages\django\db\models\sql\query.py", line 
1417, in build_lookup
    lookup = lookup_class(lhs, rhs)
             ^^^^^^^^^^^^^^^^^^^^^^
  File "C:\Users\esgce\Documents\GitHub\ControleTarefas\venv\Lib\site-packages\django\db\models\lookups.py", line 38, 
in __init__
    self.rhs = self.get_prep_lookup()
               ^^^^^^^^^^^^^^^^^^^^^^
  File 
"C:\Users\esgce\Documents\GitHub\ControleTarefas\venv\Lib\site-packages\django\db\models\fields\related_lookups.py", 
line 103, in get_prep_lookup
    self.rhs = get_normalized_value(self.rhs, self.lhs)[0]
               ^^^^^^^^^^^^^^^^^^^^^^^^^^^^^^^^^^^^^^^^
  File 
"C:\Users\esgce\Documents\GitHub\ControleTarefas\venv\Lib\site-packages\django\db\models\fields\related_lookups.py", 
line 20, in get_normalized_value
    raise ValueError("Model instances passed to related filters must be saved.")
ValueError: Model instances passed to related filters must be saved.

======================================================================
ERROR: test_lista_filtra_apenas_do_usuario 
(notifications.tests.NotificacaoSegurancaTest.test_lista_filtra_apenas_do_usuario)
notificacao_list filtra pelo usuario logado.
----------------------------------------------------------------------
Traceback (most recent call last):
  File "C:\Users\esgce\Documents\GitHub\ControleTarefas\notifications\tests.py", line 1184, in 
test_lista_filtra_apenas_do_usuario
    for notif in response.context['notificacoes']:
                 ~~~~~~~~~~~~~~~~^^^^^^^^^^^^^^^^
TypeError: 'NoneType' object is not subscriptable

======================================================================
FAIL: test_contagem_diminui_apos_marcar (notifications.tests.MarcarComoLidaViewTest.test_contagem_diminui_apos_marcar)
Contagem cai de 3 para 2 ap├│s marcar uma.
----------------------------------------------------------------------
Traceback (most recent call last):
  File "C:\Users\esgce\Documents\GitHub\ControleTarefas\notifications\tests.py", line 582, in 
test_contagem_diminui_apos_marcar
    self.assertEqual(self._total_nao_lidas(), 2)
AssertionError: 3 != 2

======================================================================
FAIL: test_get_marca_como_lida_e_redireciona_para_url_destino 
(notifications.tests.MarcarComoLidaViewTest.test_get_marca_como_lida_e_redireciona_para_url_destino)
GET marca como lida e redireciona para url_destino.
----------------------------------------------------------------------
Traceback (most recent call last):
  File "C:\Users\esgce\Documents\GitHub\ControleTarefas\notifications\tests.py", line 495, in 
test_get_marca_como_lida_e_redireciona_para_url_destino
    self.assertTrue(self.notif_critica.lida)
AssertionError: False is not true

======================================================================
FAIL: test_get_sem_url_destino_sem_referer_redireciona_raiz 
(notifications.tests.MarcarComoLidaViewTest.test_get_sem_url_destino_sem_referer_redireciona_raiz)
GET sem url_destino e sem referer redireciona para /.
----------------------------------------------------------------------
Traceback (most recent call last):
  File "C:\Users\esgce\Documents\GitHub\ControleTarefas\notifications\tests.py", line 514, in 
test_get_sem_url_destino_sem_referer_redireciona_raiz
    self.assertEqual(response.status_code, 302)
AssertionError: 200 != 302

======================================================================
FAIL: test_ja_lida_nao_quebra (notifications.tests.MarcarComoLidaViewTest.test_ja_lida_nao_quebra)
Marcar notifica├º├úo j├í lida novamente n├úo causa erro.
----------------------------------------------------------------------
Traceback (most recent call last):
  File "C:\Users\esgce\Documents\GitHub\ControleTarefas\notifications\tests.py", line 564, in test_ja_lida_nao_quebra
    self.assertEqual(response.status_code, 302)
AssertionError: 200 != 302

======================================================================
FAIL: test_notificacao_alheia_404 (notifications.tests.MarcarComoLidaViewTest.test_notificacao_alheia_404)
Acessar notifica├º├úo de outro usu├írio retorna 404.
----------------------------------------------------------------------
Traceback (most recent call last):
  File "C:\Users\esgce\Documents\GitHub\ControleTarefas\notifications\tests.py", line 547, in 
test_notificacao_alheia_404
    self.assertEqual(response.status_code, 404)
AssertionError: 200 != 404

======================================================================
FAIL: test_notificacao_inexistente_404 (notifications.tests.MarcarComoLidaViewTest.test_notificacao_inexistente_404)
PK inexistente retorna 404.
----------------------------------------------------------------------
Traceback (most recent call last):
  File "C:\Users\esgce\Documents\GitHub\ControleTarefas\notifications\tests.py", line 555, in 
test_notificacao_inexistente_404
    self.assertEqual(response.status_code, 404)
AssertionError: 200 != 404

======================================================================
FAIL: test_get_retorna_405 (notifications.tests.MarcarTodasComoLidasViewTest.test_get_retorna_405)
GET retorna 405 Method Not Allowed (@require_POST).
----------------------------------------------------------------------
Traceback (most recent call last):
  File "C:\Users\esgce\Documents\GitHub\ControleTarefas\notifications\tests.py", line 609, in test_get_retorna_405
    self.assertEqual(response.status_code, 405)
AssertionError: 200 != 405

======================================================================
FAIL: test_meta_verbose_name (notifications.tests.NotificacaoModelTest.test_meta_verbose_name)
----------------------------------------------------------------------
Traceback (most recent call last):
  File "C:\Users\esgce\Documents\GitHub\ControleTarefas\notifications\tests.py", line 467, in test_meta_verbose_name
    self.assertEqual(Notificacao._meta.verbose_name, 'Notifica├º├úo')
AssertionError: 'NotificaþÒo' != 'Notifica├º├úo'
- NotificaþÒo
?         ^^
+ Notifica├º├úo
?         ^^^^


======================================================================
FAIL: test_str_lida_contem_check (notifications.tests.NotificacaoModelTest.test_str_lida_contem_check)
__str__ de lida cont├®m Ô£ö e o t├¡tulo.
----------------------------------------------------------------------
Traceback (most recent call last):
  File "C:\Users\esgce\Documents\GitHub\ControleTarefas\notifications\tests.py", line 217, in 
test_str_lida_contem_check
    self.assertIn('Ô£ö', texto)
AssertionError: 'Ô£ö' not found in '\u2714 Tarefa conclu├\xadda \u2192 testuser'

======================================================================
FAIL: test_str_nao_lida_contem_circulo (notifications.tests.NotificacaoModelTest.test_str_nao_lida_contem_circulo)
__str__ de n├úo lida cont├®m Ôùë, t├¡tulo e username.
----------------------------------------------------------------------
Traceback (most recent call last):
  Applying tributacao.0002_ncm_arquivo_xml_tributacaofederal_documento_fiscal_and_more... OK
System check identified no issues (0 silenced).
  File "C:\Users\esgce\Documents\GitHub\ControleTarefas\notifications\tests.py", line 210, in 
test_str_nao_lida_contem_circulo
    self.assertIn('Ôùë', texto)
AssertionError: 'Ôùë' not found in '\u25c9 Tarefa vencida! \u2192 testuser'

======================================================================
FAIL: test_tempo_relativo_dias (notifications.tests.NotificacaoModelTest.test_tempo_relativo_dias)
7 dias atr├ís retorna 'h├í 7d'.
----------------------------------------------------------------------
Traceback (most recent call last):
  File "C:\Users\esgce\Documents\GitHub\ControleTarefas\notifications\tests.py", line 354, in test_tempo_relativo_dias
    self.assertEqual(notif.tempo_relativo, 'h├í 7d')
AssertionError: 'hß 7d' != 'h├í 7d'
- hß 7d
?  ^
+ h├í 7d
?  ^^


======================================================================
FAIL: test_tempo_relativo_horas (notifications.tests.NotificacaoModelTest.test_tempo_relativo_horas)
3h atr├ís retorna 'h├í 3h'.
----------------------------------------------------------------------
Traceback (most recent call last):
  File "C:\Users\esgce\Documents\GitHub\ControleTarefas\notifications\tests.py", line 343, in test_tempo_relativo_horas
    self.assertEqual(notif.tempo_relativo, 'h├í 3h')
AssertionError: 'hß 3h' != 'h├í 3h'
- hß 3h
?  ^
+ h├í 3h
?  ^^


======================================================================
FAIL: test_tempo_relativo_limite_23h (notifications.tests.NotificacaoModelTest.test_tempo_relativo_limite_23h)
23h atr├ís retorna 'h├í 23h'.
----------------------------------------------------------------------
Traceback (most recent call last):
  File "C:\Users\esgce\Documents\GitHub\ControleTarefas\notifications\tests.py", line 387, in 
test_tempo_relativo_limite_23h
    self.assertEqual(notif.tempo_relativo, 'h├í 23h')
AssertionError: 'hß 23h' != 'h├í 23h'
- hß 23h
?  ^
+ h├í 23h
?  ^^


======================================================================
FAIL: test_tempo_relativo_limite_24h (notifications.tests.NotificacaoModelTest.test_tempo_relativo_limite_24h)
24h (1 dia) retorna 'h├í 1d'.
----------------------------------------------------------------------
Traceback (most recent call last):
  File "C:\Users\esgce\Documents\GitHub\ControleTarefas\notifications\tests.py", line 398, in 
test_tempo_relativo_limite_24h
    self.assertEqual(notif.tempo_relativo, 'h├í 1d')
AssertionError: 'hß 1d' != 'h├í 1d'
- hß 1d
?  ^
+ h├í 1d
?  ^^


======================================================================
FAIL: test_tempo_relativo_limite_60_segundos 
(notifications.tests.NotificacaoModelTest.test_tempo_relativo_limite_60_segundos)
60 segundos = 'h├í 1 min'.
----------------------------------------------------------------------
Traceback (most recent call last):
  File "C:\Users\esgce\Documents\GitHub\ControleTarefas\notifications\tests.py", line 376, in 
test_tempo_relativo_limite_60_segundos
    self.assertEqual(notif.tempo_relativo, 'h├í 1 min')
AssertionError: 'hß 1 min' != 'h├í 1 min'
- hß 1 min
?  ^
+ h├í 1 min
?  ^^


======================================================================
FAIL: test_tempo_relativo_minutos (notifications.tests.NotificacaoModelTest.test_tempo_relativo_minutos)
5 min atr├ís retorna 'h├í 5 min'.
----------------------------------------------------------------------
Traceback (most recent call last):
  File "C:\Users\esgce\Documents\GitHub\ControleTarefas\notifications\tests.py", line 332, in 
test_tempo_relativo_minutos
    self.assertEqual(notif.tempo_relativo, 'h├í 5 min')
AssertionError: 'hß 5 min' != 'h├í 5 min'
- hß 5 min
?  ^
+ h├í 5 min
?  ^^


======================================================================
FAIL: test_get_object_404_filtra_por_usuario 
(notifications.tests.NotificacaoSegurancaTest.test_get_object_404_filtra_por_usuario)
get_object_or_404 filtra por usuario=request.user.
----------------------------------------------------------------------
Traceback (most recent call last):
  File "C:\Users\esgce\Documents\GitHub\ControleTarefas\notifications\tests.py", line 1171, in 
test_get_object_404_filtra_por_usuario
    self.assertEqual(response.status_code, 404)
AssertionError: 200 != 404

======================================================================
FAIL: test_nao_pode_marcar_alheia (notifications.tests.NotificacaoSegurancaTest.test_nao_pode_marcar_alheia)
Manipular PK n├úo permite acessar notifica├º├úo alheia.
----------------------------------------------------------------------
Traceback (most recent call last):
  File "C:\Users\esgce\Documents\GitHub\ControleTarefas\notifications\tests.py", line 1134, in 
test_nao_pode_marcar_alheia
    self.assertEqual(response.status_code, 404)
AssertionError: 200 != 404

======================================================================
FAIL: test_pk_inexistente_404 (notifications.tests.NotificacaoSegurancaTest.test_pk_inexistente_404)
PK inexistente retorna 404.
----------------------------------------------------------------------
Traceback (most recent call last):
  File "C:\Users\esgce\Documents\GitHub\ControleTarefas\notifications\tests.py", line 1151, in test_pk_inexistente_404
    self.assertEqual(response.status_code, 404)
AssertionError: 200 != 404

----------------------------------------------------------------------
Ran 107 tests in 3.848s

FAILED (failures=19, errors=13)
Destroying test database for alias 'default' ('file:memorydb_default?mode=memory&cache=shared')...

